Using pre-set license
Built from '2020.3/staging' branch; Version is '2020.3.30f1 (1fb1bf06830e) revision 2077119'; Using compiler version '192528614'; Build Type 'Release'
OS: 'Windows 10  (10.0.19042) 64bit Core' Language: 'ru' Physical Memory: 16235 MB
BatchMode: 1, IsHumanControllingUs: 0, StartBugReporterOnCrash: 0, Is64bit: 1, IsPro: 0

COMMAND LINE ARGUMENTS:
C:\Program Files\Unity\Hub\Editor\2020.3.30f1\Editor\Unity.exe
-adb2
-batchMode
-noUpm
-name
AssetImportWorker0
-projectPath
D:/mis juegos/Stalin Game
-logFile
Logs/AssetImportWorker0.log
-srvPort
57426
Successfully changed project path to: D:/mis juegos/Stalin Game
D:/mis juegos/Stalin Game
Using Asset Import Pipeline V2.
Refreshing native plugins compatible for Editor in 76.24 ms, found 3 plugins.
Preloading 0 native plugins for Editor in 0.00 ms.
Initialize engine version: 2020.3.30f1 (1fb1bf06830e)
[Subsystems] Discovering subsystems at path C:/Program Files/Unity/Hub/Editor/2020.3.30f1/Editor/Data/Resources/UnitySubsystems
[Subsystems] Discovering subsystems at path D:/mis juegos/Stalin Game/Assets
GfxDevice: creating device client; threaded=0
Direct3D:
    Version:  Direct3D 11.0 [level 11.1]
    Renderer: NVIDIA GeForce GTX 1650 (ID=0x1f91)
    Vendor:   
    VRAM:     3964 MB
    Driver:   30.0.14.7212
Initialize mono
Mono path[0] = 'C:/Program Files/Unity/Hub/Editor/2020.3.30f1/Editor/Data/Managed'
Mono path[1] = 'C:/Program Files/Unity/Hub/Editor/2020.3.30f1/Editor/Data/MonoBleedingEdge/lib/mono/unityjit'
Mono config path = 'C:/Program Files/Unity/Hub/Editor/2020.3.30f1/Editor/Data/MonoBleedingEdge/etc'
Using monoOptions --debugger-agent=transport=dt_socket,embedding=1,server=y,suspend=n,address=127.0.0.1:56388
Begin MonoManager ReloadAssembly
Registering precompiled unity dll's ...
Register platform support module: C:/Program Files/Unity/Hub/Editor/2020.3.30f1/Editor/Data/PlaybackEngines/WebGLSupport/UnityEditor.WebGL.Extensions.dll
Register platform support module: C:/Program Files/Unity/Hub/Editor/2020.3.30f1/Editor/Data/PlaybackEngines/WindowsStandaloneSupport/UnityEditor.WindowsStandalone.Extensions.dll
Registered in 0.003650 seconds.
Native extension for WindowsStandalone target not found
Native extension for WebGL target not found
Refreshing native plugins compatible for Editor in 66.57 ms, found 3 plugins.
Preloading 0 native plugins for Editor in 0.00 ms.
Mono: successfully reloaded assembly
- Completed reload, in  0.761 seconds
Domain Reload Profiling:
	ReloadAssembly (761ms)
		BeginReloadAssembly (89ms)
			ExecutionOrderSort (0ms)
			DisableScriptedObjects (0ms)
			BackupInstance (0ms)
			ReleaseScriptingObjects (0ms)
			CreateAndSetChildDomain (1ms)
		EndReloadAssembly (574ms)
			LoadAssemblies (87ms)
			RebuildTransferFunctionScriptingTraits (0ms)
			SetupTypeCache (191ms)
			ReleaseScriptCaches (0ms)
			RebuildScriptCaches (36ms)
			SetupLoadedEditorAssemblies (217ms)
				LogAssemblyErrors (0ms)
				InitializePlatformSupportModulesInManaged (7ms)
				SetLoadedEditorAssemblies (0ms)
				RefreshPlugins (67ms)
				BeforeProcessingInitializeOnLoad (9ms)
				ProcessInitializeOnLoadAttributes (101ms)
				ProcessInitializeOnLoadMethodAttributes (33ms)
				AfterProcessingInitializeOnLoad (0ms)
				EditorAssembliesLoaded (0ms)
			ExecutionOrderSort2 (0ms)
			AwakeInstancesAfterBackupRestoration (0ms)
Platform modules already initialized, skipping
Registering precompiled user dll's ...
Registered in 0.007285 seconds.
Begin MonoManager ReloadAssembly
Native extension for WindowsStandalone target not found
Native extension for WebGL target not found
Refreshing native plugins compatible for Editor in 1.02 ms, found 3 plugins.
Preloading 0 native plugins for Editor in 0.00 ms.
Mono: successfully reloaded assembly
- Completed reload, in  1.051 seconds
Domain Reload Profiling:
	ReloadAssembly (1051ms)
		BeginReloadAssembly (198ms)
			ExecutionOrderSort (0ms)
			DisableScriptedObjects (8ms)
			BackupInstance (0ms)
			ReleaseScriptingObjects (0ms)
			CreateAndSetChildDomain (22ms)
		EndReloadAssembly (775ms)
			LoadAssemblies (113ms)
			RebuildTransferFunctionScriptingTraits (0ms)
			SetupTypeCache (287ms)
			ReleaseScriptCaches (0ms)
			RebuildScriptCaches (38ms)
			SetupLoadedEditorAssemblies (233ms)
				LogAssemblyErrors (0ms)
				InitializePlatformSupportModulesInManaged (7ms)
				SetLoadedEditorAssemblies (1ms)
				RefreshPlugins (1ms)
				BeforeProcessingInitializeOnLoad (85ms)
				ProcessInitializeOnLoadAttributes (125ms)
				ProcessInitializeOnLoadMethodAttributes (5ms)
				AfterProcessingInitializeOnLoad (9ms)
				EditorAssembliesLoaded (0ms)
			ExecutionOrderSort2 (0ms)
			AwakeInstancesAfterBackupRestoration (8ms)
Platform modules already initialized, skipping
========================================================================
Worker process is ready to serve import requests
Launched and connected shader compiler UnityShaderCompiler.exe after 0.19 seconds
Refreshing native plugins compatible for Editor in 1.53 ms, found 3 plugins.
Preloading 0 native plugins for Editor in 0.00 ms.
Unloading 2389 Unused Serialized files (Serialized files now loaded: 0)
System memory in use before: 100.0 MB.
System memory in use after: 100.2 MB.

Unloading 61 unused Assets to reduce memory usage. Loaded Objects now: 2787.
Total: 2.923200 ms (FindLiveObjects: 0.203600 ms CreateObjectMapping: 0.151000 ms MarkObjects: 2.467000 ms  DeleteObjects: 0.100800 ms)

AssetImportParameters requested are different than current active one (requested -> active):
  custom:framework-win-MediaFoundation: 216162199b28c13a410421893ffa2e32 -> 
  custom:video-decoder-ogg-theora: a1e56fd34408186e4bbccfd4996cb3dc -> 
  custom:container-muxer-webm: aa71ff27fc2769a1b78a27578f13a17b -> 
  custom:container-demuxer-webm: 4f35f7cbe854078d1ac9338744f61a02 -> 
  custom:container-demuxer-ogg: 62fdf1f143b41e24485cea50d1cbac27 -> 
  custom:video-encoder-webm-vp8: eb34c28f22e8b96e1ab97ce403110664 -> 
  custom:video-decoder-webm-vp8: 9c59270c3fd7afecdb556c50c9e8de78 -> 
  custom:audio-decoder-ogg-vorbis: bf7c407c2cedff20999df2af8eb42d56 -> 
  custom:audio-encoder-webm-vorbis: bf7c407c2cedff20999df2af8eb42d56 -> 
========================================================================
Received Import Request.
  path: Assets/scripts/ElContador.cs
  artifactKey: Guid(1b2ce0d04ace72a4cb13d82999766aa9) Importer(815301076,1909f56bfc062723c751e8b465ee728b)
Start importing Assets/scripts/ElContador.cs using Guid(1b2ce0d04ace72a4cb13d82999766aa9) Importer(815301076,1909f56bfc062723c751e8b465ee728b)  -> (artifact id: '55c6095572ac6c4b721185f1597860d8') in 0.099715 seconds 
========================================================================
Received Import Request.
  Time since last request: 0.000378 seconds.
  path: Assets/scripts/disparar.cs
  artifactKey: Guid(f8a7970df3ae6144ca8e2626e1d586fe) Importer(815301076,1909f56bfc062723c751e8b465ee728b)
Start importing Assets/scripts/disparar.cs using Guid(f8a7970df3ae6144ca8e2626e1d586fe) Importer(815301076,1909f56bfc062723c751e8b465ee728b)  -> (artifact id: 'a4fd51c0b75eab40e71dbe58e7c664f7') in 0.007197 seconds 
========================================================================
Received Import Request.
  Time since last request: 3.513821 seconds.
  path: Assets/scripts/NaziRespawn.cs
  artifactKey: Guid(cf598d747e88b9a4dade0dbf49c21ab8) Importer(815301076,1909f56bfc062723c751e8b465ee728b)
Start importing Assets/scripts/NaziRespawn.cs using Guid(cf598d747e88b9a4dade0dbf49c21ab8) Importer(815301076,1909f56bfc062723c751e8b465ee728b)  -> (artifact id: '9a9948f0cd65efc2a81e6a6c4b455b0c') in 0.007751 seconds 
========================================================================
Received Import Request.
  Time since last request: 2.613120 seconds.
  path: Assets/scripts/rodar.cs
  artifactKey: Guid(8e024ebd846183b49bf8212e5dc47362) Importer(815301076,1909f56bfc062723c751e8b465ee728b)
Start importing Assets/scripts/rodar.cs using Guid(8e024ebd846183b49bf8212e5dc47362) Importer(815301076,1909f56bfc062723c751e8b465ee728b)  -> (artifact id: '47e90aa3ca57ad1b9430cd7e24ec82ab') in 0.011525 seconds 
========================================================================
Received Import Request.
  Time since last request: 0.476902 seconds.
  path: Assets/scripts/SaltaCamaradaStalin.cs
  artifactKey: Guid(e01cae9b5a8da7741a982bcb7406e6be) Importer(815301076,1909f56bfc062723c751e8b465ee728b)
Start importing Assets/scripts/SaltaCamaradaStalin.cs using Guid(e01cae9b5a8da7741a982bcb7406e6be) Importer(815301076,1909f56bfc062723c751e8b465ee728b)  -> (artifact id: 'b36260e459af5052bde76da5d1417ff0') in 0.005935 seconds 
========================================================================
Received Import Request.
  Time since last request: 51.037073 seconds.
  path: Assets/scripts/impacBeh.cs
  artifactKey: Guid(4ac6a5d6b27f97f4b920436886129187) Importer(815301076,1909f56bfc062723c751e8b465ee728b)
Start importing Assets/scripts/impacBeh.cs using Guid(4ac6a5d6b27f97f4b920436886129187) Importer(815301076,1909f56bfc062723c751e8b465ee728b)  -> (artifact id: 'fad588455c6a6d00551f2a5222c240c6') in 0.008009 seconds 
========================================================================
Received Import Request.
  Time since last request: 2.656972 seconds.
  path: Assets/scripts/naziSeMueve.cs
  artifactKey: Guid(1b968569b9671844491f17ae0a369b18) Importer(815301076,1909f56bfc062723c751e8b465ee728b)
Start importing Assets/scripts/naziSeMueve.cs using Guid(1b968569b9671844491f17ae0a369b18) Importer(815301076,1909f56bfc062723c751e8b465ee728b)  -> (artifact id: 'dc40f5cfb8f5a2dcfc35ed508469685e') in 0.007768 seconds 
========================================================================
Received Import Request.
  Time since last request: 1.937637 seconds.
  path: Assets/scripts/textOver.cs
  artifactKey: Guid(464b421ce366a73468436c2899763e51) Importer(815301076,1909f56bfc062723c751e8b465ee728b)
Start importing Assets/scripts/textOver.cs using Guid(464b421ce366a73468436c2899763e51) Importer(815301076,1909f56bfc062723c751e8b465ee728b)  -> (artifact id: '0df432b12026758c4bd0903b88d71880') in 0.007426 seconds 
========================================================================
Received Import Request.
  Time since last request: 2.036308 seconds.
  path: Assets/scripts/TocandoElSuelo.cs
  artifactKey: Guid(d4216a33bdab36742b5fa3df774c7414) Importer(815301076,1909f56bfc062723c751e8b465ee728b)
Start importing Assets/scripts/TocandoElSuelo.cs using Guid(d4216a33bdab36742b5fa3df774c7414) Importer(815301076,1909f56bfc062723c751e8b465ee728b)  -> (artifact id: '40c8e127779012f5e741f3318486f399') in 0.012772 seconds 
========================================================================
Received Import Request.
  Time since last request: 2.857317 seconds.
  path: Assets/scripts/BrosYBoton.cs
  artifactKey: Guid(6236c1bf54cece04682d6cd675f5956d) Importer(815301076,1909f56bfc062723c751e8b465ee728b)
Start importing Assets/scripts/BrosYBoton.cs using Guid(6236c1bf54cece04682d6cd675f5956d) Importer(815301076,1909f56bfc062723c751e8b465ee728b)  -> (artifact id: 'e26f5e6864c7de03e64892de1701d321') in 0.006666 seconds 
========================================================================
Received Import Request.
  Time since last request: 5.374854 seconds.
  path: Assets/scripts/BulletBeh.cs
  artifactKey: Guid(071f869f1868ede49aad2a0fc5768573) Importer(815301076,1909f56bfc062723c751e8b465ee728b)
Start importing Assets/scripts/BulletBeh.cs using Guid(071f869f1868ede49aad2a0fc5768573) Importer(815301076,1909f56bfc062723c751e8b465ee728b)  -> (artifact id: 'cd8186f38af1fc631544902b54f7e189') in 0.007159 seconds 
========================================================================
Received Import Request.
  Time since last request: 3.359705 seconds.
  path: Assets/scripts/explosion.cs
  artifactKey: Guid(87562490d2d60b9408e5f6e47f8540e1) Importer(815301076,1909f56bfc062723c751e8b465ee728b)
Start importing Assets/scripts/explosion.cs using Guid(87562490d2d60b9408e5f6e47f8540e1) Importer(815301076,1909f56bfc062723c751e8b465ee728b)  -> (artifact id: 'c15b24a3d8791dcdac6564385ff352e7') in 0.011604 seconds 
AssetImportWorkerClient::OnTransportError - code=2 error=End of file
